GAMS 24.1.2  r40979 Released Jun 16, 2013 WEX-WEI x86_64/MS Windows                                                                                                                                                                    01/15/24 15:54:59 Page 1
G e n e r a l   A l g e b r a i c   M o d e l i n g   S y s t e m
C o m p i l a t i o n


   1   
   2  sets
   3  i round_1 /1*16/
   4  j round_2 /1*8/
   5  k round_3 /1*4/
   6  l final /1*2/
   7  m winner  /1/
   8  p game /1*15/
   9  ;
  10   
  11  variables
  12  Z tabe-hadaf
  13  Nonnegative variables
  14  X(i)
  15  Y(j)
  16  S(k)
  17  R(l)
  18  U(m)
  19  sod(p)
  20  zarar(p)
  21   
  22   
  23  binary variables
  24  zb(j)
  25  tb(k)
  26  wb(l)
  27  vb(m)
  28  sodb(p)
  29  zararb(p)
  30   
  31   
  32   
  33  ;
  34   
  35  Scalar zero /0/ ;
  36  Scalar one /1/ ;
  37  Scalar karshenas /3/ ;
  38  Scalar max_ticket /10000/ ;
  39  Scalar bigM /999999999/;
  40   
  41  parameters
  42  teampass_price(i) team pass price
  43  /
  44  1 40
  45  2 20
  46  3 20
  47  4 40
  48  5 50
  49  6 30
  50  7 40
  51  8 30
  52  9 60
  53  10 50
  54  11 80
  55  12 20
  56  13 70
  57  14 20
  58  15 60
  59  16 20
  60  /
  61   
  62  individual_price(p) individual price
  63   
  64  * 0.8
  65  /
  66  1 8
  67  2 8
  68  3 8
  69  4 8
  70  5 8
  71  6 8
  72  7 8
  73  8 8
  74   
  75  9 16
  76  10 16
  77  11 16
  78  12 16
  79   
  80  13 24
  81  14 24
  82   
  83  15 32
  84  /
  85   
  86   
  87   
  88  * declare index of variables in its equations
  89   
  90  sodozarar_index_q1(p) /
  91           1   1
  92  /
  93  sodozarar_index_q2(p) /
  94           2   1
  95  /
  96  sodozarar_index_q3(p) /
  97           3   1
  98  /
  99  sodozarar_index_q4(p) /
 100           4   1
 101  /
 102  sodozarar_index_q5(p) /
 103           5   1
 104  /
 105  sodozarar_index_q6(p) /
 106           6   1
 107  /
 108  sodozarar_index_q7(p) /
 109           7   1
 110  /
 111  sodozarar_index_q8(p) /
 112           8   1
 113  /
 114  sodozarar_index_q9(p) /
 115           9   1
 116  /
 117  sodozarar_index_q10(p) /
 118           10   1
 119  /
 120  sodozarar_index_q11(p) /
 121           11   1
 122  /
 123  sodozarar_index_q12(p) /
 124           12   1
 125  /
 126  sodozarar_index_q13(p) /
 127           13   1
 128  /
 129  sodozarar_index_q14(p) /
 130           14   1
 131  /
 132  sodozarar_index_q15(p) /
 133           15   1
 134  /
 135   
 136   
 137  round2_q1_i(i) /
 138           1   1
 139           2   1
 140  /
 141  round2_q1_j(j) /
 142           1   -1
 143  /
 144   
 145   
 146   
 147  round2_q2_i(i) /
 148           3   1
 149           4   1
 150  /
 151  round2_q2_j(j) /
 152           2   -1
 153  /
 154   
 155   
 156  round2_q3_i(i) /
 157           5   1
 158           6   1
 159  /
 160  round2_q3_j(j) /
 161           3   -1
 162  /
 163   
 164  round2_q4_i(i) /
 165           7   1
 166           8   1
 167  /
 168  round2_q4_j(j) /
 169           4   -1
 170  /
 171   
 172   
 173  round2_q5_i(i) /
 174           9   1
 175           10   1
 176  /
 177  round2_q5_j(j) /
 178           5   -1
 179  /
 180   
 181   
 182   
 183  round2_q6_i(i) /
 184           11   1
 185           12   1
 186  /
 187  round2_q6_j(j) /
 188           6   -1
 189  /
 190   
 191   
 192  round2_q7_i(i) /
 193           13   1
 194           14   1
 195  /
 196  round2_q7_j(j) /
 197           7   -1
 198  /
 199   
 200  round2_q8_i(i) /
 201           15   1
 202           16   1
 203  /
 204  round2_q8_j(j) /
 205           8   -1
 206  /
 207   
 208   
 209   
 210   
 211   
 212  round2_x1(i) /
 213   
 214           1    1
 215  /
 216   
 217  round2_x3(i) /
 218   
 219           3    1
 220  /
 221   
 222  round2_x5(i) /
 223   
 224           5    1
 225  /
 226   
 227  round2_x7(i) /
 228   
 229           7    1
 230  /
 231  round2_x9(i) /
 232   
 233           9    1
 234  /
 235   
 236  round2_x11(i) /
 237   
 238           11    1
 239  /
 240   
 241  round2_x13(i) /
 242   
 243           13    1
 244  /
 245   
 246  round2_x15(i) /
 247   
 248           15    1
 249  /
 250   
 251   
 252   
 253   
 254   
 255  round3_y1(j) /
 256   
 257           1    1
 258  /
 259   
 260  round3_y3(j) /
 261   
 262           3    1
 263  /
 264   
 265  round3_y5(j) /
 266   
 267           5    1
 268  /
 269   
 270  round3_y7(j) /
 271   
 272           7    1
 273  /
 274   
 275   
 276  final_s1(k) /
 277   
 278           1    1
 279  /
 280   
 281  final_s3(k) /
 282   
 283           3    1
 284  /
 285   
 286   
 287  winner_R1(l)  /
 288   
 289           1    1
 290  /
 291   
 292   
 293   
 294   
 295   
 296   
 297   
 298  round3_q1_j(j) /
 299           1   1
 300           2   1
 301  /
 302  round3_q1_k(k) /
 303           1   -1
 304  /
 305   
 306  round3_q2_j(j) /
 307           3   1
 308           4   1
 309  /
 310  round3_q2_k(k) /
 311           2   -1
 312  /
 313   
 314  round3_q3_j(j) /
 315           5   1
 316           6   1
 317  /
 318  round3_q3_k(k) /
 319           3   -1
 320  /
 321   
 322  round3_q4_j(j) /
 323           7   1
 324           8   1
 325  /
 326  round3_q4_k(k) /
 327           4   -1
 328  /
 329   
 330   
 331   
 332   
 333  final_q1_k(k) /
 334           1   1
 335           2   1
 336  /
 337  final_q1_l(l) /
 338           1   -1
 339  /
 340   
 341  final_q2_k(k) /
 342           3   1
 343           4   1
 344  /
 345  final_q2_l(l) /
 346           2   -1
 347  /
 348   
 349   
 350  winner_l(l) /
 351           1   1
 352           2   1
 353  /
 354  winner_m(m) /
 355           1   -1
 356  /
 357   
 358   
 359   
 360   
 361  sodozarar_index_round2_1(j) /
 362           1   1
 363           2   1
 364  /
 365  sodozarar_index_round2_2(j) /
 366           3   1
 367           4   1
 368  /
 369  sodozarar_index_round2_3(j) /
 370           5   1
 371           6   1
 372  /
 373  sodozarar_index_round2_4(j) /
 374           7   1
 375           8   1
 376  /
 377   
 378   
 379   
 380  sodozarar_index_round3_1(k) /
 381           1   1
 382           2   1
 383  /
 384  sodozarar_index_round3_2(k) /
 385           3   1
 386           4   1
 387  /
 388   
 389   
 390   
 391   
 392  sodozarar_index_final(l) /
 393           1   1
 394           2   1
 395  /
 396   
 397  ;
 398   
 399  equations
 400   
 401  Objective Objective function of problem
 402  round2_q1_L
 403  round2_q2_L
 404  round2_q3_L
 405  round2_q4_L
 406  round2_q5_L
 407  round2_q6_L
 408  round2_q7_L
 409  round2_q8_L
 410   
 411   
 412  round3_q1_L
 413  round3_q2_L
 414  round3_q3_L
 415  round3_q4_L
 416   
 417  final_q1_Le
 418  final_q2_Le
 419   
 420  winner_Le
 421   
 422   
 423   
 424   
 425  round2_q1_di_L
 426  round2_q2_di_L
 427  round2_q3_di_L
 428  round2_q4_di_L
 429  round2_q5_di_L
 430  round2_q6_di_L
 431  round2_q7_di_L
 432  round2_q8_di_L
 433   
 434   
 435  round3_q1_di_L
 436  round3_q2_di_L
 437  round3_q3_di_L
 438  round3_q4_di_L
 439   
 440  final_q1_di_Le
 441  final_q2_di_Le
 442   
 443  winner_di_Le
 444   
 445   
 446   
 447   
 448   
 449   
 450   
 451   
 452  round2_q1_R
 453  round2_q2_R
 454  round2_q3_R
 455  round2_q4_R
 456  round2_q5_R
 457  round2_q6_R
 458  round2_q7_R
 459  round2_q8_R
 460   
 461   
 462  round3_q1_R
 463  round3_q2_R
 464  round3_q3_R
 465  round3_q4_R
 466   
 467  final_q1_RI
 468  final_q2_RI
 469   
 470  winner_RI
 471   
 472   
 473   
 474   
 475  round2_q1_di_R
 476  round2_q2_di_R
 477  round2_q3_di_R
 478  round2_q4_di_R
 479  round2_q5_di_R
 480  round2_q6_di_R
 481  round2_q7_di_R
 482  round2_q8_di_R
 483   
 484   
 485  round3_q1_di_R
 486  round3_q2_di_R
 487  round3_q3_di_R
 488  round3_q4_di_R
 489   
 490  final_q1_di_RI
 491  final_q2_di_RI
 492   
 493  winner_di_RI
 494   
 495   
 496   
 497   
 498   
 499   
 500   
 501  karshenas_L
 502   
 503   
 504  game_1
 505  game_2
 506  game_3
 507  game_4
 508  game_5
 509  game_6
 510  game_7
 511  game_8
 512   
 513   
 514   
 515  zarar_q1_L
 516  zarar_q2_L
 517  zarar_q3_L
 518  zarar_q4_L
 519  zarar_q5_L
 520  zarar_q6_L
 521  zarar_q7_L
 522  zarar_q8_L
 523  zarar_q9_L
 524  zarar_q10_L
 525  zarar_q11_L
 526  zarar_q12_L
 527  zarar_q13_L
 528  zarar_q14_L
 529  zarar_q15_L
 530   
 531   
 532  sod_q1_L
 533  sod_q2_L
 534  sod_q3_L
 535  sod_q4_L
 536  sod_q5_L
 537  sod_q6_L
 538  sod_q7_L
 539  sod_q8_L
 540  sod_q9_L
 541  sod_q10_L
 542  sod_q11_L
 543  sod_q12_L
 544  sod_q13_L
 545  sod_q14_L
 546  sod_q15_L
 547   
 548   
 549  max_sod_q1
 550  max_sod_q2
 551  max_sod_q3
 552  max_sod_q4
 553  max_sod_q5
 554  max_sod_q6
 555  max_sod_q7
 556  max_sod_q8
 557  max_sod_q9
 558  max_sod_q10
 559  max_sod_q11
 560  max_sod_q12
 561  max_sod_q13
 562  max_sod_q14
 563  max_sod_q15
 564   
 565   
 566  max_zarar_q1
 567  max_zarar_q2
 568  max_zarar_q3
 569  max_zarar_q4
 570  max_zarar_q5
 571  max_zarar_q6
 572  max_zarar_q7
 573  max_zarar_q8
 574  max_zarar_q9
 575  max_zarar_q10
 576  max_zarar_q11
 577  max_zarar_q12
 578  max_zarar_q13
 579  max_zarar_q14
 580  max_zarar_q15
 581   
 582   
 583  sodORzarar_q1
 584  sodORzarar_q2
 585  sodORzarar_q3
 586  sodORzarar_q4
 587  sodORzarar_q5
 588  sodORzarar_q6
 589  sodORzarar_q7
 590  sodORzarar_q8
 591  sodORzarar_q9
 592  sodORzarar_q10
 593  sodORzarar_q11
 594  sodORzarar_q12
 595  sodORzarar_q13
 596  sodORzarar_q14
 597  sodORzarar_q15
 598  ;
 599   
 600  Objective..Z=e=sum(i,teampass_price(i) * x(i)) + sum(p,sod(p)*individual_price(p)) -  sum(p,zarar(p)*individual_price(p)*2);
 601   
 602   
 603   
 604   
 605   
 606  karshenas_L..sum(j,zb(j)) + sum(k,tb(k)) + sum(l,wb(l)) + sum(m,vb(m)) =l=karshenas;
 607   
 608  round2_q1_L..sum(i,round2_q1_i(i)* x(i)) + sum(j,2*round2_q1_j(j)* y(j)) + sum(j,2*round2_q1_j(j)* zb(j)* bigM)=l=zero;
 609  round2_q2_L..sum(i,round2_q2_i(i)* x(i)) + sum(j,2*round2_q2_j(j)* y(j)) + sum(j,2*round2_q2_j(j)* zb(j)* bigM)=l=zero;
 610  round2_q3_L..sum(i,round2_q3_i(i)* x(i)) + sum(j,2*round2_q3_j(j)* y(j)) + sum(j,2*round2_q3_j(j)* zb(j)* bigM)=l=zero;
 611  round2_q4_L..sum(i,round2_q4_i(i)* x(i)) + sum(j,2*round2_q4_j(j)* y(j)) + sum(j,2*round2_q4_j(j)* zb(j)* bigM)=l=zero;
 612  round2_q5_L..sum(i,round2_q5_i(i)* x(i)) + sum(j,2*round2_q5_j(j)* y(j)) + sum(j,2*round2_q5_j(j)* zb(j)* bigM)=l=zero;
 613  round2_q6_L..sum(i,round2_q6_i(i)* x(i)) + sum(j,2*round2_q6_j(j)* y(j)) + sum(j,2*round2_q6_j(j)* zb(j)* bigM)=l=zero;
 614  round2_q7_L..sum(i,round2_q7_i(i)* x(i)) + sum(j,2*round2_q7_j(j)* y(j)) + sum(j,2*round2_q7_j(j)* zb(j)* bigM)=l=zero;
 615  round2_q8_L..sum(i,round2_q8_i(i)* x(i)) + sum(j,2*round2_q8_j(j)* y(j)) + sum(j,2*round2_q8_j(j)* zb(j)* bigM)=l=zero;
 616   
 617   
 618  round3_q1_L..sum(j,round3_q1_j(j)* y(j)) + sum(k,2*round3_q1_k(k)* s(k)) + sum(k,2*round3_q1_k(k)* tb(k)* bigM)=l=zero;
 619  round3_q2_L..sum(j,round3_q2_j(j)* y(j)) + sum(k,2*round3_q2_k(k)* s(k)) + sum(k,2*round3_q2_k(k)* tb(k)* bigM)=l=zero;
 620  round3_q3_L..sum(j,round3_q3_j(j)* y(j)) + sum(k,2*round3_q3_k(k)* s(k)) + sum(k,2*round3_q3_k(k)* tb(k)* bigM)=l=zero;
 621  round3_q4_L..sum(j,round3_q4_j(j)* y(j)) + sum(k,2*round3_q4_k(k)* s(k)) + sum(k,2*round3_q4_k(k)* tb(k)* bigM)=l=zero;
 622   
 623   
 624  final_q1_Le..sum(k,final_q1_k(k)* s(k)) + sum(l,2*final_q1_l(l)* R(l)) + sum(l,2*final_q1_l(l)* wb(l)* bigM)=l=zero;
 625  final_q2_Le..sum(k,final_q2_k(k)* s(k)) + sum(l,2*final_q2_l(l)* R(l)) + sum(l,2*final_q2_l(l)* wb(l)* bigM)=l=zero;
 626   
 627  winner_Le..sum(l,winner_l(l)* R(l)) + sum(m,2*winner_m(m)* U(m)) + sum(m,2*winner_m(m)* vb(m)* bigM)=l=zero;
 628   
 629   
 630   
 631   
 632   
 633   
 634   
 635  round2_q1_di_L..sum(i,round2_x1(i)* x(i)) + sum(j,round2_q1_j(j)* y(j)) + sum(j,round2_q1_j(j)* (1-zb(j))* bigM)=l=zero;
 636  round2_q2_di_L..sum(i,round2_x3(i)* x(i)) + sum(j,round2_q2_j(j)* y(j)) + sum(j,round2_q2_j(j)* (1-zb(j))* bigM)=l=zero;
 637  round2_q3_di_L..sum(i,round2_x5(i)* x(i)) + sum(j,round2_q3_j(j)* y(j)) + sum(j,round2_q3_j(j)* (1-zb(j))* bigM)=l=zero;
 638  round2_q4_di_L..sum(i,round2_x7(i)* x(i)) + sum(j,round2_q4_j(j)* y(j)) + sum(j,round2_q4_j(j)* (1-zb(j))* bigM)=l=zero;
 639  round2_q5_di_L..sum(i,round2_x9(i)* x(i)) + sum(j,round2_q5_j(j)* y(j)) + sum(j,round2_q5_j(j)* (1-zb(j))* bigM)=l=zero;
 640  round2_q6_di_L..sum(i,round2_x11(i)* x(i)) + sum(j,round2_q6_j(j)* y(j)) + sum(j,round2_q6_j(j)* (1-zb(j))* bigM)=l=zero;
 641  round2_q7_di_L..sum(i,round2_x13(i)* x(i)) + sum(j,round2_q7_j(j)* y(j)) + sum(j,round2_q7_j(j)* (1-zb(j))* bigM)=l=zero;
 642  round2_q8_di_L..sum(i,round2_x15(i)* x(i)) + sum(j,round2_q8_j(j)* y(j)) + sum(j,round2_q8_j(j)* (1-zb(j))* bigM)=l=zero;
 643   
 644   
 645  round3_q1_di_L..sum(j,round3_y1(j)* y(j)) + sum(k,round3_q1_k(k)* s(k)) + sum(k,round3_q1_k(k)* (1-tb(k))* bigM)=l=zero;
 646  round3_q2_di_L..sum(j,round3_y3(j)* y(j)) + sum(k,round3_q2_k(k)* s(k)) + sum(k,round3_q2_k(k)* (1-tb(k))* bigM)=l=zero;
 647  round3_q3_di_L..sum(j,round3_y5(j)* y(j)) + sum(k,round3_q3_k(k)* s(k)) + sum(k,round3_q3_k(k)* (1-tb(k))* bigM)=l=zero;
 648  round3_q4_di_L..sum(j,round3_y7(j)* y(j)) + sum(k,round3_q4_k(k)* s(k)) + sum(k,round3_q4_k(k)* (1-tb(k))* bigM)=l=zero;
 649   
 650   
 651  final_q1_di_Le..sum(k,final_s1(k)* s(k)) + sum(l,final_q1_l(l)* R(l)) + sum(l,final_q1_l(l)* (1-wb(l))* bigM)=l=zero;
 652  final_q2_di_Le..sum(k,final_s3(k)* s(k)) + sum(l,final_q2_l(l)* R(l)) + sum(l,final_q2_l(l)* (1-wb(l))* bigM)=l=zero;
 653   
 654  winner_di_Le..sum(l,winner_R1(l)* R(l)) + sum(m,winner_m(m)* U(m)) + sum(m,winner_m(m)* (1-vb(m))* bigM)=l=zero;
 655   
 656   
 657   
 658   
 659   
 660   
 661   
 662   
 663   
 664   
 665   
 666  round2_q1_R..sum(i,round2_q1_i(i)* x(i)) + sum(j,2*round2_q1_j(j)* y(j)) - sum(j,2*round2_q1_j(j)* zb(j)* bigM)=g=zero;
 667  round2_q2_R..sum(i,round2_q2_i(i)* x(i)) + sum(j,2*round2_q2_j(j)* y(j)) - sum(j,2*round2_q2_j(j)* zb(j)* bigM)=g=zero;
 668  round2_q3_R..sum(i,round2_q3_i(i)* x(i)) + sum(j,2*round2_q3_j(j)* y(j)) - sum(j,2*round2_q3_j(j)* zb(j)* bigM)=g=zero;
 669  round2_q4_R..sum(i,round2_q4_i(i)* x(i)) + sum(j,2*round2_q4_j(j)* y(j)) - sum(j,2*round2_q4_j(j)* zb(j)* bigM)=g=zero;
 670  round2_q5_R..sum(i,round2_q5_i(i)* x(i)) + sum(j,2*round2_q5_j(j)* y(j)) - sum(j,2*round2_q5_j(j)* zb(j)* bigM)=g=zero;
 671  round2_q6_R..sum(i,round2_q6_i(i)* x(i)) + sum(j,2*round2_q6_j(j)* y(j)) - sum(j,2*round2_q6_j(j)* zb(j)* bigM)=g=zero;
 672  round2_q7_R..sum(i,round2_q7_i(i)* x(i)) + sum(j,2*round2_q7_j(j)* y(j)) - sum(j,2*round2_q7_j(j)* zb(j)* bigM)=g=zero;
 673  round2_q8_R..sum(i,round2_q8_i(i)* x(i)) + sum(j,2*round2_q8_j(j)* y(j)) - sum(j,2*round2_q8_j(j)* zb(j)* bigM)=g=zero;
 674   
 675   
 676  round3_q1_R..sum(j,round3_q1_j(j)* y(j)) + sum(k,2*round3_q1_k(k)* s(k)) - sum(k,2*round3_q1_k(k)* tb(k)* bigM)=g=zero;
 677  round3_q2_R..sum(j,round3_q2_j(j)* y(j)) + sum(k,2*round3_q2_k(k)* s(k)) - sum(k,2*round3_q2_k(k)* tb(k)* bigM)=g=zero;
 678  round3_q3_R..sum(j,round3_q3_j(j)* y(j)) + sum(k,2*round3_q3_k(k)* s(k)) - sum(k,2*round3_q3_k(k)* tb(k)* bigM)=g=zero;
 679  round3_q4_R..sum(j,round3_q4_j(j)* y(j)) + sum(k,2*round3_q4_k(k)* s(k)) - sum(k,2*round3_q4_k(k)* tb(k)* bigM)=g=zero;
 680   
 681   
 682  final_q1_RI..sum(k,final_q1_k(k)* s(k)) + sum(l,2*final_q1_l(l)* R(l)) - sum(l,2*final_q1_l(l)* wb(l)* bigM)=g=zero;
 683  final_q2_RI..sum(k,final_q2_k(k)* s(k)) + sum(l,2*final_q2_l(l)* R(l)) - sum(l,2*final_q2_l(l)* wb(l)* bigM)=g=zero;
 684   
 685  winner_RI..sum(l,winner_l(l)* R(l)) + sum(m,2*winner_m(m)* U(m)) - sum(m,2*winner_m(m)* vb(m)* bigM)=g=zero;
 686   
 687   
 688   
 689   
 690  round2_q1_di_R..sum(i,round2_x1(i)* x(i)) + sum(j,round2_q1_j(j)* y(j)) - sum(j,round2_q1_j(j)* (1-zb(j))* bigM)=g=zero;
 691  round2_q2_di_R..sum(i,round2_x3(i)* x(i)) + sum(j,round2_q2_j(j)* y(j)) - sum(j,round2_q2_j(j)* (1-zb(j))* bigM)=g=zero;
 692  round2_q3_di_R..sum(i,round2_x5(i)* x(i)) + sum(j,round2_q3_j(j)* y(j)) - sum(j,round2_q3_j(j)* (1-zb(j))* bigM)=g=zero;
 693  round2_q4_di_R..sum(i,round2_x7(i)* x(i)) + sum(j,round2_q4_j(j)* y(j)) - sum(j,round2_q4_j(j)* (1-zb(j))* bigM)=g=zero;
 694  round2_q5_di_R..sum(i,round2_x9(i)* x(i)) + sum(j,round2_q5_j(j)* y(j)) - sum(j,round2_q5_j(j)* (1-zb(j))* bigM)=g=zero;
 695  round2_q6_di_R..sum(i,round2_x11(i)* x(i)) + sum(j,round2_q6_j(j)* y(j)) - sum(j,round2_q6_j(j)* (1-zb(j))* bigM)=g=zero;
 696  round2_q7_di_R..sum(i,round2_x13(i)* x(i)) + sum(j,round2_q7_j(j)* y(j)) - sum(j,round2_q7_j(j)* (1-zb(j))* bigM)=g=zero;
 697  round2_q8_di_R..sum(i,round2_x15(i)* x(i)) + sum(j,round2_q8_j(j)* y(j)) - sum(j,round2_q8_j(j)* (1-zb(j))* bigM)=g=zero;
 698   
 699   
 700  round3_q1_di_R..sum(j,round3_y1(j)* y(j)) + sum(k,round3_q1_k(k)* s(k)) - sum(k,round3_q1_k(k)* (1-tb(k))* bigM)=g=zero;
 701  round3_q2_di_R..sum(j,round3_y3(j)* y(j)) + sum(k,round3_q2_k(k)* s(k)) - sum(k,round3_q2_k(k)* (1-tb(k))* bigM)=g=zero;
 702  round3_q3_di_R..sum(j,round3_y5(j)* y(j)) + sum(k,round3_q3_k(k)* s(k)) - sum(k,round3_q3_k(k)* (1-tb(k))* bigM)=g=zero;
 703  round3_q4_di_R..sum(j,round3_y7(j)* y(j)) + sum(k,round3_q4_k(k)* s(k)) - sum(k,round3_q4_k(k)* (1-tb(k))* bigM)=g=zero;
 704   
 705   
 706  final_q1_di_RI..sum(k,final_s1(k)* s(k)) + sum(l,final_q1_l(l)* R(l)) - sum(l,final_q1_l(l)* (1-wb(l))* bigM)=g=zero;
 707  final_q2_di_RI..sum(k,final_s3(k)* s(k)) + sum(l,final_q2_l(l)* R(l)) - sum(l,final_q2_l(l)* (1-wb(l))* bigM)=g=zero;
 708   
 709  winner_di_RI..sum(l,winner_R1(l)* R(l)) + sum(m,winner_m(m)* U(m)) - sum(m,winner_m(m)* (1-vb(m))* bigM)=g=zero;
 710   
 711   
 712   
 713   
 714   
 715  game_1..sum(i,round2_q1_i(i)*x(i)) + sum(p,sod(p)*sodozarar_index_q1(p))=l=max_ticket;
 716  game_2..sum(i,round2_q2_i(i)*x(i)) + sum(p,sod(p)*sodozarar_index_q2(p))=l=max_ticket;
 717  game_3..sum(i,round2_q3_i(i)*x(i)) + sum(p,sod(p)*sodozarar_index_q3(p))=l=max_ticket;
 718  game_4..sum(i,round2_q4_i(i)*x(i)) + sum(p,sod(p)*sodozarar_index_q4(p))=l=max_ticket;
 719  game_5..sum(i,round2_q5_i(i)*x(i)) + sum(p,sod(p)*sodozarar_index_q5(p))=l=max_ticket;
 720  game_6..sum(i,round2_q6_i(i)*x(i)) + sum(p,sod(p)*sodozarar_index_q6(p))=l=max_ticket;
 721  game_7..sum(i,round2_q7_i(i)*x(i)) + sum(p,sod(p)*sodozarar_index_q7(p))=l=max_ticket;
 722  game_8..sum(i,round2_q8_i(i)*x(i)) + sum(p,sod(p)*sodozarar_index_q8(p))=l=max_ticket;
 723   
 724   
 725  sod_q1_L..sum(i,round2_q1_i(i)* x(i)) + sum(p,sodozarar_index_q1(p)*sod(p))- sum(p,zararb(p)*sodozarar_index_q1(p))*bigM=l=max_ticket;
 726  sod_q2_L..sum(i,round2_q2_i(i)* x(i)) + sum(p,sodozarar_index_q2(p)*sod(p))- sum(p,zararb(p)*sodozarar_index_q2(p))*bigM=l=max_ticket;
 727  sod_q3_L..sum(i,round2_q3_i(i)* x(i)) + sum(p,sodozarar_index_q3(p)*sod(p))- sum(p,zararb(p)*sodozarar_index_q3(p))*bigM=l=max_ticket;
 728  sod_q4_L..sum(i,round2_q4_i(i)* x(i)) + sum(p,sodozarar_index_q4(p)*sod(p))- sum(p,zararb(p)*sodozarar_index_q4(p))*bigM=l=max_ticket;
 729  sod_q5_L..sum(i,round2_q5_i(i)* x(i)) + sum(p,sodozarar_index_q5(p)*sod(p))- sum(p,zararb(p)*sodozarar_index_q5(p))*bigM=l=max_ticket;
 730  sod_q6_L..sum(i,round2_q6_i(i)* x(i)) + sum(p,sodozarar_index_q6(p)*sod(p))- sum(p,zararb(p)*sodozarar_index_q6(p))*bigM=l=max_ticket;
 731  sod_q7_L..sum(i,round2_q7_i(i)* x(i)) + sum(p,sodozarar_index_q7(p)*sod(p))- sum(p,zararb(p)*sodozarar_index_q7(p))*bigM=l=max_ticket;
 732  sod_q8_L..sum(i,round2_q8_i(i)* x(i)) + sum(p,sodozarar_index_q8(p)*sod(p))- sum(p,zararb(p)*sodozarar_index_q8(p))*bigM=l=max_ticket;
 733  sod_q9_L..sum(j,sodozarar_index_round2_1(j)* y(j)) + sum(p,sodozarar_index_q9(p)*sod(p))- sum(p,zararb(p)*sodozarar_index_q9(p))*bigM=l=max_ticket;
 734  sod_q10_L..sum(j,sodozarar_index_round2_2(j)* y(j)) + sum(p,sodozarar_index_q10(p)*sod(p))- sum(p,zararb(p)*sodozarar_index_q10(p))*bigM=l=max_ticket;
 735  sod_q11_L..sum(j,sodozarar_index_round2_3(j)* y(j)) + sum(p,sodozarar_index_q11(p)*sod(p))- sum(p,zararb(p)*sodozarar_index_q11(p))*bigM=l=max_ticket;
 736  sod_q12_L..sum(j,sodozarar_index_round2_4(j)* y(j)) + sum(p,sodozarar_index_q12(p)*sod(p))- sum(p,zararb(p)*sodozarar_index_q12(p))*bigM=l=max_ticket;
 737  sod_q13_L..sum(k,sodozarar_index_round3_1(k)* S(k)) + sum(p,sodozarar_index_q13(p)*sod(p))- sum(p,zararb(p)*sodozarar_index_q13(p))*bigM=l=max_ticket;
 738  sod_q14_L..sum(k,sodozarar_index_round3_2(k)* S(k)) + sum(p,sodozarar_index_q14(p)*sod(p))- sum(p,zararb(p)*sodozarar_index_q14(p))*bigM=l=max_ticket;
 739  sod_q15_L..sum(l,sodozarar_index_final(l)* R(l)) + sum(p,sodozarar_index_q15(p)*sod(p))- sum(p,zararb(p)*sodozarar_index_q15(p))*bigM=l=max_ticket;
 740   
 741   
 742   
 743  zarar_q1_L..sum(i,round2_q1_i(i)* x(i)) + sum(p,-sodozarar_index_q1(p)*zarar(p))+ sum(p,-sodb(p)*sodozarar_index_q1(p))*bigM=l=max_ticket;
 744  zarar_q2_L..sum(i,round2_q2_i(i)* x(i)) + sum(p,-sodozarar_index_q2(p)*zarar(p))+ sum(p,-sodb(p)*sodozarar_index_q2(p))*bigM=l=max_ticket;
 745  zarar_q3_L..sum(i,round2_q3_i(i)* x(i)) + sum(p,-sodozarar_index_q3(p)*zarar(p))+ sum(p,-sodb(p)*sodozarar_index_q3(p))*bigM=l=max_ticket;
 746  zarar_q4_L..sum(i,round2_q4_i(i)* x(i)) + sum(p,-sodozarar_index_q4(p)*zarar(p))+ sum(p,-sodb(p)*sodozarar_index_q4(p))*bigM=l=max_ticket;
 747  zarar_q5_L..sum(i,round2_q5_i(i)* x(i)) + sum(p,-sodozarar_index_q5(p)*zarar(p))+ sum(p,-sodb(p)*sodozarar_index_q5(p))*bigM=l=max_ticket;
 748  zarar_q6_L..sum(i,round2_q6_i(i)* x(i)) + sum(p,-sodozarar_index_q6(p)*zarar(p))+ sum(p,-sodb(p)*sodozarar_index_q6(p))*bigM=l=max_ticket;
 749  zarar_q7_L..sum(i,round2_q7_i(i)* x(i)) + sum(p,-sodozarar_index_q7(p)*zarar(p))+ sum(p,-sodb(p)*sodozarar_index_q7(p))*bigM=l=max_ticket;
 750  zarar_q8_L..sum(i,round2_q8_i(i)* x(i)) + sum(p,-sodozarar_index_q8(p)*zarar(p))+ sum(p,-sodb(p)*sodozarar_index_q8(p))*bigM=l=max_ticket;
 751  zarar_q9_L..sum(j,sodozarar_index_round2_1(j)* y(j)) + sum(p,-sodozarar_index_q9(p)*zarar(p))+ sum(p,-sodb(p)*sodozarar_index_q9(p))*bigM=l=max_ticket;
 752  zarar_q10_L..sum(j,sodozarar_index_round2_2(j)* y(j)) + sum(p,-sodozarar_index_q10(p)*zarar(p))+ sum(p,-sodb(p)*sodozarar_index_q10(p))*bigM=l=max_ticket;
 753  zarar_q11_L..sum(j,sodozarar_index_round2_3(j)* y(j)) + sum(p,-sodozarar_index_q11(p)*zarar(p))+ sum(p,-sodb(p)*sodozarar_index_q11(p))*bigM=l=max_ticket;
 754  zarar_q12_L..sum(j,sodozarar_index_round2_4(j)* y(j)) + sum(p,-sodozarar_index_q12(p)*zarar(p))+ sum(p,-sodb(p)*sodozarar_index_q12(p))*bigM=l=max_ticket;
 755  zarar_q13_L..sum(k,sodozarar_index_round3_1(k)* S(k)) + sum(p,-sodozarar_index_q13(p)*zarar(p))+ sum(p,-sodb(p)*sodozarar_index_q13(p))*bigM=l=max_ticket;
 756  zarar_q14_L..sum(k,sodozarar_index_round3_2(k)* S(k)) + sum(p,-sodozarar_index_q14(p)*zarar(p))+ sum(p,-sodb(p)*sodozarar_index_q14(p))*bigM=l=max_ticket;
 757  zarar_q15_L..sum(l,sodozarar_index_final(l)* R(l)) + sum(p,-sodozarar_index_q15(p)*zarar(p))+ sum(p,-sodb(p)*sodozarar_index_q15(p))*bigM=l=max_ticket;
 758   
 759   
 760   
 761   
 762  max_sod_q1..sum(p,sod(p)*sodozarar_index_q1(p)) - sum(p,sodb(p)*sodozarar_index_q1(p))*max_ticket=l=zero;
 763  max_sod_q2..sum(p,sod(p)*sodozarar_index_q2(p)) - sum(p,sodb(p)*sodozarar_index_q2(p))*max_ticket=l=zero;
 764  max_sod_q3..sum(p,sod(p)*sodozarar_index_q3(p)) - sum(p,sodb(p)*sodozarar_index_q3(p))*max_ticket=l=zero;
 765  max_sod_q4..sum(p,sod(p)*sodozarar_index_q4(p)) - sum(p,sodb(p)*sodozarar_index_q4(p))*max_ticket=l=zero;
 766  max_sod_q5..sum(p,sod(p)*sodozarar_index_q5(p)) - sum(p,sodb(p)*sodozarar_index_q5(p))*max_ticket=l=zero;
 767  max_sod_q6..sum(p,sod(p)*sodozarar_index_q6(p)) - sum(p,sodb(p)*sodozarar_index_q6(p))*max_ticket=l=zero;
 768  max_sod_q7..sum(p,sod(p)*sodozarar_index_q7(p)) - sum(p,sodb(p)*sodozarar_index_q7(p))*max_ticket=l=zero;
 769  max_sod_q8..sum(p,sod(p)*sodozarar_index_q8(p)) - sum(p,sodb(p)*sodozarar_index_q8(p))*max_ticket=l=zero;
 770  max_sod_q9..sum(p,sod(p)*sodozarar_index_q9(p)) - sum(p,sodb(p)*sodozarar_index_q9(p))*max_ticket=l=zero;
 771  max_sod_q10..sum(p,sod(p)*sodozarar_index_q10(p)) - sum(p,sodb(p)*sodozarar_index_q10(p))*max_ticket=l=zero;
 772  max_sod_q11..sum(p,sod(p)*sodozarar_index_q11(p)) - sum(p,sodb(p)*sodozarar_index_q11(p))*max_ticket=l=zero;
 773  max_sod_q12..sum(p,sod(p)*sodozarar_index_q12(p)) - sum(p,sodb(p)*sodozarar_index_q12(p))*max_ticket=l=zero;
 774  max_sod_q13..sum(p,sod(p)*sodozarar_index_q13(p)) - sum(p,sodb(p)*sodozarar_index_q13(p))*max_ticket=l=zero;
 775  max_sod_q14..sum(p,sod(p)*sodozarar_index_q14(p)) - sum(p,sodb(p)*sodozarar_index_q14(p))*max_ticket=l=zero;
 776  max_sod_q15..sum(p,sod(p)*sodozarar_index_q15(p)) - sum(p,sodb(p)*sodozarar_index_q15(p))*max_ticket=l=zero;
 777   
 778   
 779   
 780  max_zarar_q1..sum(p,zarar(p)*sodozarar_index_q1(p)) - sum(p,zararb(p)*sodozarar_index_q1(p))*max_ticket=l=zero;
 781  max_zarar_q2..sum(p,zarar(p)*sodozarar_index_q2(p)) - sum(p,zararb(p)*sodozarar_index_q2(p))*max_ticket=l=zero;
 782  max_zarar_q3..sum(p,zarar(p)*sodozarar_index_q3(p)) - sum(p,zararb(p)*sodozarar_index_q3(p))*max_ticket=l=zero;
 783  max_zarar_q4..sum(p,zarar(p)*sodozarar_index_q4(p)) - sum(p,zararb(p)*sodozarar_index_q4(p))*max_ticket=l=zero;
 784  max_zarar_q5..sum(p,zarar(p)*sodozarar_index_q5(p)) - sum(p,zararb(p)*sodozarar_index_q5(p))*max_ticket=l=zero;
 785  max_zarar_q6..sum(p,zarar(p)*sodozarar_index_q6(p)) - sum(p,zararb(p)*sodozarar_index_q6(p))*max_ticket=l=zero;
 786  max_zarar_q7..sum(p,zarar(p)*sodozarar_index_q7(p)) - sum(p,zararb(p)*sodozarar_index_q7(p))*max_ticket=l=zero;
 787  max_zarar_q8..sum(p,zarar(p)*sodozarar_index_q8(p)) - sum(p,zararb(p)*sodozarar_index_q8(p))*max_ticket=l=zero;
 788  max_zarar_q9..sum(p,zarar(p)*sodozarar_index_q9(p)) - sum(p,zararb(p)*sodozarar_index_q9(p))*max_ticket=l=zero;
 789  max_zarar_q10..sum(p,zarar(p)*sodozarar_index_q10(p)) - sum(p,zararb(p)*sodozarar_index_q10(p))*max_ticket=l=zero;
 790  max_zarar_q11..sum(p,zarar(p)*sodozarar_index_q11(p)) - sum(p,zararb(p)*sodozarar_index_q11(p))*max_ticket=l=zero;
 791  max_zarar_q12..sum(p,zarar(p)*sodozarar_index_q12(p)) - sum(p,zararb(p)*sodozarar_index_q12(p))*max_ticket=l=zero;
 792  max_zarar_q13..sum(p,zarar(p)*sodozarar_index_q13(p)) - sum(p,zararb(p)*sodozarar_index_q13(p))*max_ticket=l=zero;
 793  max_zarar_q14..sum(p,zarar(p)*sodozarar_index_q14(p)) - sum(p,zararb(p)*sodozarar_index_q14(p))*max_ticket=l=zero;
 794  max_zarar_q15..sum(p,zarar(p)*sodozarar_index_q15(p)) - sum(p,zararb(p)*sodozarar_index_q15(p))*max_ticket=l=zero;
 795   
 796   
 797   
 798   
 799  sodORzarar_q1..sum(p,sodb(p)*sodozarar_index_q1(p))+sum(p,zararb(p)*sodozarar_index_q1(p))=e=one;
 800  sodORzarar_q2..sum(p,sodb(p)*sodozarar_index_q2(p))+sum(p,zararb(p)*sodozarar_index_q2(p))=e=one;
 801  sodORzarar_q3..sum(p,sodb(p)*sodozarar_index_q3(p))+sum(p,zararb(p)*sodozarar_index_q3(p))=e=one;
 802  sodORzarar_q4..sum(p,sodb(p)*sodozarar_index_q4(p))+sum(p,zararb(p)*sodozarar_index_q4(p))=e=one;
 803  sodORzarar_q5..sum(p,sodb(p)*sodozarar_index_q5(p))+sum(p,zararb(p)*sodozarar_index_q5(p))=e=one;
 804  sodORzarar_q6..sum(p,sodb(p)*sodozarar_index_q6(p))+sum(p,zararb(p)*sodozarar_index_q6(p))=e=one;
 805  sodORzarar_q7..sum(p,sodb(p)*sodozarar_index_q7(p))+sum(p,zararb(p)*sodozarar_index_q7(p))=e=one;
 806  sodORzarar_q8..sum(p,sodb(p)*sodozarar_index_q8(p))+sum(p,zararb(p)*sodozarar_index_q8(p))=e=one;
 807  sodORzarar_q9..sum(p,sodb(p)*sodozarar_index_q9(p))+sum(p,zararb(p)*sodozarar_index_q9(p))=e=one;
 808  sodORzarar_q10..sum(p,sodb(p)*sodozarar_index_q10(p))+sum(p,zararb(p)*sodozarar_index_q10(p))=e=one;
 809  sodORzarar_q11..sum(p,sodb(p)*sodozarar_index_q11(p))+sum(p,zararb(p)*sodozarar_index_q11(p))=e=one;
 810  sodORzarar_q12..sum(p,sodb(p)*sodozarar_index_q12(p))+sum(p,zararb(p)*sodozarar_index_q12(p))=e=one;
 811  sodORzarar_q13..sum(p,sodb(p)*sodozarar_index_q13(p))+sum(p,zararb(p)*sodozarar_index_q13(p))=e=one;
 812  sodORzarar_q14..sum(p,sodb(p)*sodozarar_index_q14(p))+sum(p,zararb(p)*sodozarar_index_q14(p))=e=one;
 813  sodORzarar_q15..sum(p,sodb(p)*sodozarar_index_q15(p))+sum(p,zararb(p)*sodozarar_index_q15(p))=e=one;
 814   
 815   
 816  Model games  / all /;
 817   
 818   
 819   
 820  Solve  games using MIP maximizing Z;
 821  Option MIP = Cplex;
 822   
 823  Display x.l;
 824   
 825   
 826   
 827   
 828   
 829   
 830   
 831   


COMPILATION TIME     =        0.000 SECONDS      3 MB  24.1.2 r40979 WEX-WEI
GAMS 24.1.2  r40979 Released Jun 16, 2013 WEX-WEI x86_64/MS Windows                                                                                                                                                                    01/15/24 15:54:59 Page 2
G e n e r a l   A l g e b r a i c   M o d e l i n g   S y s t e m
Equation Listing    SOLVE games Using MIP From line 820


---- Objective  =E=  Objective function of problem

Objective..  Z - 40*X(1) - 20*X(2) - 20*X(3) - 40*X(4) - 50*X(5) - 30*X(6) - 40*X(7) - 30*X(8) - 60*X(9) - 50*X(10) - 80*X(11) - 20*X(12) - 70*X(13) - 20*X(14) - 60*X(15) - 20*X(16) - 8*sod(1) - 8*sod(2) - 8*sod(3) - 8*sod(4) - 8*sod(5) - 8*sod(6)
     
      - 8*sod(7) - 8*sod(8) - 16*sod(9) - 16*sod(10) - 16*sod(11) - 16*sod(12) - 24*sod(13) - 24*sod(14) - 32*sod(15) + 16*zarar(1) + 16*zarar(2) + 16*zarar(3) + 16*zarar(4) + 16*zarar(5) + 16*zarar(6) + 16*zarar(7) + 16*zarar(8) + 32*zarar(9)
     
      + 32*zarar(10) + 32*zarar(11) + 32*zarar(12) + 48*zarar(13) + 48*zarar(14) + 64*zarar(15) =E= 0 ; (LHS = 0)
     

---- round2_q1_L  =L=  

round2_q1_L..  X(1) + X(2) - 2*Y(1) - 1999999998*zb(1) =L= 0 ; (LHS = 0)
     

---- round2_q2_L  =L=  

round2_q2_L..  X(3) + X(4) - 2*Y(2) - 1999999998*zb(2) =L= 0 ; (LHS = 0)
     

---- round2_q3_L  =L=  

round2_q3_L..  X(5) + X(6) - 2*Y(3) - 1999999998*zb(3) =L= 0 ; (LHS = 0)
     

---- round2_q4_L  =L=  

round2_q4_L..  X(7) + X(8) - 2*Y(4) - 1999999998*zb(4) =L= 0 ; (LHS = 0)
     

---- round2_q5_L  =L=  

round2_q5_L..  X(9) + X(10) - 2*Y(5) - 1999999998*zb(5) =L= 0 ; (LHS = 0)
     

---- round2_q6_L  =L=  

round2_q6_L..  X(11) + X(12) - 2*Y(6) - 1999999998*zb(6) =L= 0 ; (LHS = 0)
     

---- round2_q7_L  =L=  

round2_q7_L..  X(13) + X(14) - 2*Y(7) - 1999999998*zb(7) =L= 0 ; (LHS = 0)
     

---- round2_q8_L  =L=  

round2_q8_L..  X(15) + X(16) - 2*Y(8) - 1999999998*zb(8) =L= 0 ; (LHS = 0)
     

---- round3_q1_L  =L=  

round3_q1_L..  Y(1) + Y(2) - 2*S(1) - 1999999998*tb(1) =L= 0 ; (LHS = 0)
     

---- round3_q2_L  =L=  

round3_q2_L..  Y(3) + Y(4) - 2*S(2) - 1999999998*tb(2) =L= 0 ; (LHS = 0)
     

---- round3_q3_L  =L=  

round3_q3_L..  Y(5) + Y(6) - 2*S(3) - 1999999998*tb(3) =L= 0 ; (LHS = 0)
     

---- round3_q4_L  =L=  

round3_q4_L..  Y(7) + Y(8) - 2*S(4) - 1999999998*tb(4) =L= 0 ; (LHS = 0)
     

---- final_q1_Le  =L=  

final_q1_Le..  S(1) + S(2) - 2*R(1) - 1999999998*wb(1) =L= 0 ; (LHS = 0)
     

---- final_q2_Le  =L=  

final_q2_Le..  S(3) + S(4) - 2*R(2) - 1999999998*wb(2) =L= 0 ; (LHS = 0)
     

---- winner_Le  =L=  

winner_Le..  R(1) + R(2) - 2*U(1) - 1999999998*vb(1) =L= 0 ; (LHS = 0)
     

---- round2_q1_di_L  =L=  

round2_q1_di_L..  X(1) - Y(1) + 999999999*zb(1) =L= 999999999 ; (LHS = 0)
     

---- round2_q2_di_L  =L=  

round2_q2_di_L..  X(3) - Y(2) + 999999999*zb(2) =L= 999999999 ; (LHS = 0)
     

---- round2_q3_di_L  =L=  

round2_q3_di_L..  X(5) - Y(3) + 999999999*zb(3) =L= 999999999 ; (LHS = 0)
     

---- round2_q4_di_L  =L=  

round2_q4_di_L..  X(7) - Y(4) + 999999999*zb(4) =L= 999999999 ; (LHS = 0)
     

---- round2_q5_di_L  =L=  

round2_q5_di_L..  X(9) - Y(5) + 999999999*zb(5) =L= 999999999 ; (LHS = 0)
     

---- round2_q6_di_L  =L=  

round2_q6_di_L..  X(11) - Y(6) + 999999999*zb(6) =L= 999999999 ; (LHS = 0)
     

---- round2_q7_di_L  =L=  

round2_q7_di_L..  X(13) - Y(7) + 999999999*zb(7) =L= 999999999 ; (LHS = 0)
     

---- round2_q8_di_L  =L=  

round2_q8_di_L..  X(15) - Y(8) + 999999999*zb(8) =L= 999999999 ; (LHS = 0)
     

---- round3_q1_di_L  =L=  

round3_q1_di_L..  Y(1) - S(1) + 999999999*tb(1) =L= 999999999 ; (LHS = 0)
     

---- round3_q2_di_L  =L=  

round3_q2_di_L..  Y(3) - S(2) + 999999999*tb(2) =L= 999999999 ; (LHS = 0)
     

---- round3_q3_di_L  =L=  

round3_q3_di_L..  Y(5) - S(3) + 999999999*tb(3) =L= 999999999 ; (LHS = 0)
     

---- round3_q4_di_L  =L=  

round3_q4_di_L..  Y(7) - S(4) + 999999999*tb(4) =L= 999999999 ; (LHS = 0)
     

---- final_q1_di_Le  =L=  

final_q1_di_Le..  S(1) - R(1) + 999999999*wb(1) =L= 999999999 ; (LHS = 0)
     

---- final_q2_di_Le  =L=  

final_q2_di_Le..  S(3) - R(2) + 999999999*wb(2) =L= 999999999 ; (LHS = 0)
     

---- winner_di_Le  =L=  

winner_di_Le..  R(1) - U(1) + 999999999*vb(1) =L= 999999999 ; (LHS = 0)
     

---- round2_q1_R  =G=  

round2_q1_R..  X(1) + X(2) - 2*Y(1) + 1999999998*zb(1) =G= 0 ; (LHS = 0)
     

---- round2_q2_R  =G=  

round2_q2_R..  X(3) + X(4) - 2*Y(2) + 1999999998*zb(2) =G= 0 ; (LHS = 0)
     

---- round2_q3_R  =G=  

round2_q3_R..  X(5) + X(6) - 2*Y(3) + 1999999998*zb(3) =G= 0 ; (LHS = 0)
     

---- round2_q4_R  =G=  

round2_q4_R..  X(7) + X(8) - 2*Y(4) + 1999999998*zb(4) =G= 0 ; (LHS = 0)
     

---- round2_q5_R  =G=  

round2_q5_R..  X(9) + X(10) - 2*Y(5) + 1999999998*zb(5) =G= 0 ; (LHS = 0)
     

---- round2_q6_R  =G=  

round2_q6_R..  X(11) + X(12) - 2*Y(6) + 1999999998*zb(6) =G= 0 ; (LHS = 0)
     

---- round2_q7_R  =G=  

round2_q7_R..  X(13) + X(14) - 2*Y(7) + 1999999998*zb(7) =G= 0 ; (LHS = 0)
     

---- round2_q8_R  =G=  

round2_q8_R..  X(15) + X(16) - 2*Y(8) + 1999999998*zb(8) =G= 0 ; (LHS = 0)
     

---- round3_q1_R  =G=  

round3_q1_R..  Y(1) + Y(2) - 2*S(1) + 1999999998*tb(1) =G= 0 ; (LHS = 0)
     

---- round3_q2_R  =G=  

round3_q2_R..  Y(3) + Y(4) - 2*S(2) + 1999999998*tb(2) =G= 0 ; (LHS = 0)
     

---- round3_q3_R  =G=  

round3_q3_R..  Y(5) + Y(6) - 2*S(3) + 1999999998*tb(3) =G= 0 ; (LHS = 0)
     

---- round3_q4_R  =G=  

round3_q4_R..  Y(7) + Y(8) - 2*S(4) + 1999999998*tb(4) =G= 0 ; (LHS = 0)
     

---- final_q1_RI  =G=  

final_q1_RI..  S(1) + S(2) - 2*R(1) + 1999999998*wb(1) =G= 0 ; (LHS = 0)
     

---- final_q2_RI  =G=  

final_q2_RI..  S(3) + S(4) - 2*R(2) + 1999999998*wb(2) =G= 0 ; (LHS = 0)
     

---- winner_RI  =G=  

winner_RI..  R(1) + R(2) - 2*U(1) + 1999999998*vb(1) =G= 0 ; (LHS = 0)
     

---- round2_q1_di_R  =G=  

round2_q1_di_R..  X(1) - Y(1) - 999999999*zb(1) =G= -999999999 ; (LHS = 0)
     

---- round2_q2_di_R  =G=  

round2_q2_di_R..  X(3) - Y(2) - 999999999*zb(2) =G= -999999999 ; (LHS = 0)
     

---- round2_q3_di_R  =G=  

round2_q3_di_R..  X(5) - Y(3) - 999999999*zb(3) =G= -999999999 ; (LHS = 0)
     

---- round2_q4_di_R  =G=  

round2_q4_di_R..  X(7) - Y(4) - 999999999*zb(4) =G= -999999999 ; (LHS = 0)
     

---- round2_q5_di_R  =G=  

round2_q5_di_R..  X(9) - Y(5) - 999999999*zb(5) =G= -999999999 ; (LHS = 0)
     

---- round2_q6_di_R  =G=  

round2_q6_di_R..  X(11) - Y(6) - 999999999*zb(6) =G= -999999999 ; (LHS = 0)
     

---- round2_q7_di_R  =G=  

round2_q7_di_R..  X(13) - Y(7) - 999999999*zb(7) =G= -999999999 ; (LHS = 0)
     

---- round2_q8_di_R  =G=  

round2_q8_di_R..  X(15) - Y(8) - 999999999*zb(8) =G= -999999999 ; (LHS = 0)
     

---- round3_q1_di_R  =G=  

round3_q1_di_R..  Y(1) - S(1) - 999999999*tb(1) =G= -999999999 ; (LHS = 0)
     

---- round3_q2_di_R  =G=  

round3_q2_di_R..  Y(3) - S(2) - 999999999*tb(2) =G= -999999999 ; (LHS = 0)
     

---- round3_q3_di_R  =G=  

round3_q3_di_R..  Y(5) - S(3) - 999999999*tb(3) =G= -999999999 ; (LHS = 0)
     

---- round3_q4_di_R  =G=  

round3_q4_di_R..  Y(7) - S(4) - 999999999*tb(4) =G= -999999999 ; (LHS = 0)
     

---- final_q1_di_RI  =G=  

final_q1_di_RI..  S(1) - R(1) - 999999999*wb(1) =G= -999999999 ; (LHS = 0)
     

---- final_q2_di_RI  =G=  

final_q2_di_RI..  S(3) - R(2) - 999999999*wb(2) =G= -999999999 ; (LHS = 0)
     

---- winner_di_RI  =G=  

winner_di_RI..  R(1) - U(1) - 999999999*vb(1) =G= -999999999 ; (LHS = 0)
     

---- karshenas_L  =L=  

karshenas_L..  zb(1) + zb(2) + zb(3) + zb(4) + zb(5) + zb(6) + zb(7) + zb(8) + tb(1) + tb(2) + tb(3) + tb(4) + wb(1) + wb(2) + vb(1) =L= 3 ; (LHS = 0)
     

---- game_1  =L=  

game_1..  X(1) + X(2) + sod(1) =L= 10000 ; (LHS = 0)
     

---- game_2  =L=  

game_2..  X(3) + X(4) + sod(2) =L= 10000 ; (LHS = 0)
     

---- game_3  =L=  

game_3..  X(5) + X(6) + sod(3) =L= 10000 ; (LHS = 0)
     

---- game_4  =L=  

game_4..  X(7) + X(8) + sod(4) =L= 10000 ; (LHS = 0)
     

---- game_5  =L=  

game_5..  X(9) + X(10) + sod(5) =L= 10000 ; (LHS = 0)
     

---- game_6  =L=  

game_6..  X(11) + X(12) + sod(6) =L= 10000 ; (LHS = 0)
     

---- game_7  =L=  

game_7..  X(13) + X(14) + sod(7) =L= 10000 ; (LHS = 0)
     

---- game_8  =L=  

game_8..  X(15) + X(16) + sod(8) =L= 10000 ; (LHS = 0)
     

---- zarar_q1_L  =L=  

zarar_q1_L..  X(1) + X(2) - zarar(1) - 999999999*sodb(1) =L= 10000 ; (LHS = 0)
     

---- zarar_q2_L  =L=  

zarar_q2_L..  X(3) + X(4) - zarar(2) - 999999999*sodb(2) =L= 10000 ; (LHS = 0)
     

---- zarar_q3_L  =L=  

zarar_q3_L..  X(5) + X(6) - zarar(3) - 999999999*sodb(3) =L= 10000 ; (LHS = 0)
     

---- zarar_q4_L  =L=  

zarar_q4_L..  X(7) + X(8) - zarar(4) - 999999999*sodb(4) =L= 10000 ; (LHS = 0)
     

---- zarar_q5_L  =L=  

zarar_q5_L..  X(9) + X(10) - zarar(5) - 999999999*sodb(5) =L= 10000 ; (LHS = 0)
     

---- zarar_q6_L  =L=  

zarar_q6_L..  X(11) + X(12) - zarar(6) - 999999999*sodb(6) =L= 10000 ; (LHS = 0)
     

---- zarar_q7_L  =L=  

zarar_q7_L..  X(13) + X(14) - zarar(7) - 999999999*sodb(7) =L= 10000 ; (LHS = 0)
     

---- zarar_q8_L  =L=  

zarar_q8_L..  X(15) + X(16) - zarar(8) - 999999999*sodb(8) =L= 10000 ; (LHS = 0)
     

---- zarar_q9_L  =L=  

zarar_q9_L..  Y(1) + Y(2) - zarar(9) - 999999999*sodb(9) =L= 10000 ; (LHS = 0)
     

---- zarar_q10_L  =L=  

zarar_q10_L..  Y(3) + Y(4) - zarar(10) - 999999999*sodb(10) =L= 10000 ; (LHS = 0)
     

---- zarar_q11_L  =L=  

zarar_q11_L..  Y(5) + Y(6) - zarar(11) - 999999999*sodb(11) =L= 10000 ; (LHS = 0)
     

---- zarar_q12_L  =L=  

zarar_q12_L..  Y(7) + Y(8) - zarar(12) - 999999999*sodb(12) =L= 10000 ; (LHS = 0)
     

---- zarar_q13_L  =L=  

zarar_q13_L..  S(1) + S(2) - zarar(13) - 999999999*sodb(13) =L= 10000 ; (LHS = 0)
     

---- zarar_q14_L  =L=  

zarar_q14_L..  S(3) + S(4) - zarar(14) - 999999999*sodb(14) =L= 10000 ; (LHS = 0)
     

---- zarar_q15_L  =L=  

zarar_q15_L..  R(1) + R(2) - zarar(15) - 999999999*sodb(15) =L= 10000 ; (LHS = 0)
     

---- sod_q1_L  =L=  

sod_q1_L..  X(1) + X(2) + sod(1) - 999999999*zararb(1) =L= 10000 ; (LHS = 0)
     

---- sod_q2_L  =L=  

sod_q2_L..  X(3) + X(4) + sod(2) - 999999999*zararb(2) =L= 10000 ; (LHS = 0)
     

---- sod_q3_L  =L=  

sod_q3_L..  X(5) + X(6) + sod(3) - 999999999*zararb(3) =L= 10000 ; (LHS = 0)
     

---- sod_q4_L  =L=  

sod_q4_L..  X(7) + X(8) + sod(4) - 999999999*zararb(4) =L= 10000 ; (LHS = 0)
     

---- sod_q5_L  =L=  

sod_q5_L..  X(9) + X(10) + sod(5) - 999999999*zararb(5) =L= 10000 ; (LHS = 0)
     

---- sod_q6_L  =L=  

sod_q6_L..  X(11) + X(12) + sod(6) - 999999999*zararb(6) =L= 10000 ; (LHS = 0)
     

---- sod_q7_L  =L=  

sod_q7_L..  X(13) + X(14) + sod(7) - 999999999*zararb(7) =L= 10000 ; (LHS = 0)
     

---- sod_q8_L  =L=  

sod_q8_L..  X(15) + X(16) + sod(8) - 999999999*zararb(8) =L= 10000 ; (LHS = 0)
     

---- sod_q9_L  =L=  

sod_q9_L..  Y(1) + Y(2) + sod(9) - 999999999*zararb(9) =L= 10000 ; (LHS = 0)
     

---- sod_q10_L  =L=  

sod_q10_L..  Y(3) + Y(4) + sod(10) - 999999999*zararb(10) =L= 10000 ; (LHS = 0)
     

---- sod_q11_L  =L=  

sod_q11_L..  Y(5) + Y(6) + sod(11) - 999999999*zararb(11) =L= 10000 ; (LHS = 0)
     

---- sod_q12_L  =L=  

sod_q12_L..  Y(7) + Y(8) + sod(12) - 999999999*zararb(12) =L= 10000 ; (LHS = 0)
     

---- sod_q13_L  =L=  

sod_q13_L..  S(1) + S(2) + sod(13) - 999999999*zararb(13) =L= 10000 ; (LHS = 0)
     

---- sod_q14_L  =L=  

sod_q14_L..  S(3) + S(4) + sod(14) - 999999999*zararb(14) =L= 10000 ; (LHS = 0)
     

---- sod_q15_L  =L=  

sod_q15_L..  R(1) + R(2) + sod(15) - 999999999*zararb(15) =L= 10000 ; (LHS = 0)
     

---- max_sod_q1  =L=  

max_sod_q1..  sod(1) - 10000*sodb(1) =L= 0 ; (LHS = 0)
     

---- max_sod_q2  =L=  

max_sod_q2..  sod(2) - 10000*sodb(2) =L= 0 ; (LHS = 0)
     

---- max_sod_q3  =L=  

max_sod_q3..  sod(3) - 10000*sodb(3) =L= 0 ; (LHS = 0)
     

---- max_sod_q4  =L=  

max_sod_q4..  sod(4) - 10000*sodb(4) =L= 0 ; (LHS = 0)
     

---- max_sod_q5  =L=  

max_sod_q5..  sod(5) - 10000*sodb(5) =L= 0 ; (LHS = 0)
     

---- max_sod_q6  =L=  

max_sod_q6..  sod(6) - 10000*sodb(6) =L= 0 ; (LHS = 0)
     

---- max_sod_q7  =L=  

max_sod_q7..  sod(7) - 10000*sodb(7) =L= 0 ; (LHS = 0)
     

---- max_sod_q8  =L=  

max_sod_q8..  sod(8) - 10000*sodb(8) =L= 0 ; (LHS = 0)
     

---- max_sod_q9  =L=  

max_sod_q9..  sod(9) - 10000*sodb(9) =L= 0 ; (LHS = 0)
     

---- max_sod_q10  =L=  

max_sod_q10..  sod(10) - 10000*sodb(10) =L= 0 ; (LHS = 0)
     

---- max_sod_q11  =L=  

max_sod_q11..  sod(11) - 10000*sodb(11) =L= 0 ; (LHS = 0)
     

---- max_sod_q12  =L=  

max_sod_q12..  sod(12) - 10000*sodb(12) =L= 0 ; (LHS = 0)
     

---- max_sod_q13  =L=  

max_sod_q13..  sod(13) - 10000*sodb(13) =L= 0 ; (LHS = 0)
     

---- max_sod_q14  =L=  

max_sod_q14..  sod(14) - 10000*sodb(14) =L= 0 ; (LHS = 0)
     

---- max_sod_q15  =L=  

max_sod_q15..  sod(15) - 10000*sodb(15) =L= 0 ; (LHS = 0)
     

---- max_zarar_q1  =L=  

max_zarar_q1..  zarar(1) - 10000*zararb(1) =L= 0 ; (LHS = 0)
     

---- max_zarar_q2  =L=  

max_zarar_q2..  zarar(2) - 10000*zararb(2) =L= 0 ; (LHS = 0)
     

---- max_zarar_q3  =L=  

max_zarar_q3..  zarar(3) - 10000*zararb(3) =L= 0 ; (LHS = 0)
     

---- max_zarar_q4  =L=  

max_zarar_q4..  zarar(4) - 10000*zararb(4) =L= 0 ; (LHS = 0)
     

---- max_zarar_q5  =L=  

max_zarar_q5..  zarar(5) - 10000*zararb(5) =L= 0 ; (LHS = 0)
     

---- max_zarar_q6  =L=  

max_zarar_q6..  zarar(6) - 10000*zararb(6) =L= 0 ; (LHS = 0)
     

---- max_zarar_q7  =L=  

max_zarar_q7..  zarar(7) - 10000*zararb(7) =L= 0 ; (LHS = 0)
     

---- max_zarar_q8  =L=  

max_zarar_q8..  zarar(8) - 10000*zararb(8) =L= 0 ; (LHS = 0)
     

---- max_zarar_q9  =L=  

max_zarar_q9..  zarar(9) - 10000*zararb(9) =L= 0 ; (LHS = 0)
     

---- max_zarar_q10  =L=  

max_zarar_q10..  zarar(10) - 10000*zararb(10) =L= 0 ; (LHS = 0)
     

---- max_zarar_q11  =L=  

max_zarar_q11..  zarar(11) - 10000*zararb(11) =L= 0 ; (LHS = 0)
     

---- max_zarar_q12  =L=  

max_zarar_q12..  zarar(12) - 10000*zararb(12) =L= 0 ; (LHS = 0)
     

---- max_zarar_q13  =L=  

max_zarar_q13..  zarar(13) - 10000*zararb(13) =L= 0 ; (LHS = 0)
     

---- max_zarar_q14  =L=  

max_zarar_q14..  zarar(14) - 10000*zararb(14) =L= 0 ; (LHS = 0)
     

---- max_zarar_q15  =L=  

max_zarar_q15..  zarar(15) - 10000*zararb(15) =L= 0 ; (LHS = 0)
     

---- sodORzarar_q1  =E=  

sodORzarar_q1..  sodb(1) + zararb(1) =E= 1 ; (LHS = 0, INFES = 1 ****)
     

---- sodORzarar_q2  =E=  

sodORzarar_q2..  sodb(2) + zararb(2) =E= 1 ; (LHS = 0, INFES = 1 ****)
     

---- sodORzarar_q3  =E=  

sodORzarar_q3..  sodb(3) + zararb(3) =E= 1 ; (LHS = 0, INFES = 1 ****)
     

---- sodORzarar_q4  =E=  

sodORzarar_q4..  sodb(4) + zararb(4) =E= 1 ; (LHS = 0, INFES = 1 ****)
     

---- sodORzarar_q5  =E=  

sodORzarar_q5..  sodb(5) + zararb(5) =E= 1 ; (LHS = 0, INFES = 1 ****)
     

---- sodORzarar_q6  =E=  

sodORzarar_q6..  sodb(6) + zararb(6) =E= 1 ; (LHS = 0, INFES = 1 ****)
     

---- sodORzarar_q7  =E=  

sodORzarar_q7..  sodb(7) + zararb(7) =E= 1 ; (LHS = 0, INFES = 1 ****)
     

---- sodORzarar_q8  =E=  

sodORzarar_q8..  sodb(8) + zararb(8) =E= 1 ; (LHS = 0, INFES = 1 ****)
     

---- sodORzarar_q9  =E=  

sodORzarar_q9..  sodb(9) + zararb(9) =E= 1 ; (LHS = 0, INFES = 1 ****)
     

---- sodORzarar_q10  =E=  

sodORzarar_q10..  sodb(10) + zararb(10) =E= 1 ; (LHS = 0, INFES = 1 ****)
     

---- sodORzarar_q11  =E=  

sodORzarar_q11..  sodb(11) + zararb(11) =E= 1 ; (LHS = 0, INFES = 1 ****)
     

---- sodORzarar_q12  =E=  

sodORzarar_q12..  sodb(12) + zararb(12) =E= 1 ; (LHS = 0, INFES = 1 ****)
     

---- sodORzarar_q13  =E=  

sodORzarar_q13..  sodb(13) + zararb(13) =E= 1 ; (LHS = 0, INFES = 1 ****)
     

---- sodORzarar_q14  =E=  

sodORzarar_q14..  sodb(14) + zararb(14) =E= 1 ; (LHS = 0, INFES = 1 ****)
     

---- sodORzarar_q15  =E=  

sodORzarar_q15..  sodb(15) + zararb(15) =E= 1 ; (LHS = 0, INFES = 1 ****)
     
GAMS 24.1.2  r40979 Released Jun 16, 2013 WEX-WEI x86_64/MS Windows                                                                                                                                                                    01/15/24 15:54:59 Page 3
G e n e r a l   A l g e b r a i c   M o d e l i n g   S y s t e m
Column Listing      SOLVE games Using MIP From line 820


---- Z  tabe-hadaf

Z
                (.LO, .L, .UP, .M = -INF, 0, +INF, 0)
        1       Objective


---- X  

X(1)
                (.LO, .L, .UP, .M = 0, 0, +INF, 0)
      -40       Objective
        1       round2_q1_L
        1       round2_q1_di_L
        1       round2_q1_R
        1       round2_q1_di_R
        1       game_1
        1       zarar_q1_L
        1       sod_q1_L

X(2)
                (.LO, .L, .UP, .M = 0, 0, +INF, 0)
      -20       Objective
        1       round2_q1_L
        1       round2_q1_R
        1       game_1
        1       zarar_q1_L
        1       sod_q1_L

X(3)
                (.LO, .L, .UP, .M = 0, 0, +INF, 0)
      -20       Objective
        1       round2_q2_L
        1       round2_q2_di_L
        1       round2_q2_R
        1       round2_q2_di_R
        1       game_2
        1       zarar_q2_L
        1       sod_q2_L

REMAINING 13 ENTRIES SKIPPED

---- Y  

Y(1)
                (.LO, .L, .UP, .M = 0, 0, +INF, 0)
       -2       round2_q1_L
        1       round3_q1_L
       -1       round2_q1_di_L
        1       round3_q1_di_L
       -2       round2_q1_R
        1       round3_q1_R
       -1       round2_q1_di_R
        1       round3_q1_di_R
        1       zarar_q9_L
        1       sod_q9_L

Y(2)
                (.LO, .L, .UP, .M = 0, 0, +INF, 0)
       -2       round2_q2_L
        1       round3_q1_L
       -1       round2_q2_di_L
       -2       round2_q2_R
        1       round3_q1_R
       -1       round2_q2_di_R
        1       zarar_q9_L
        1       sod_q9_L

Y(3)
                (.LO, .L, .UP, .M = 0, 0, +INF, 0)
       -2       round2_q3_L
        1       round3_q2_L
       -1       round2_q3_di_L
        1       round3_q2_di_L
       -2       round2_q3_R
        1       round3_q2_R
       -1       round2_q3_di_R
        1       round3_q2_di_R
        1       zarar_q10_L
        1       sod_q10_L

REMAINING 5 ENTRIES SKIPPED

---- S  

S(1)
                (.LO, .L, .UP, .M = 0, 0, +INF, 0)
       -2       round3_q1_L
        1       final_q1_Le
       -1       round3_q1_di_L
        1       final_q1_di_Le
       -2       round3_q1_R
        1       final_q1_RI
       -1       round3_q1_di_R
        1       final_q1_di_RI
        1       zarar_q13_L
        1       sod_q13_L

S(2)
                (.LO, .L, .UP, .M = 0, 0, +INF, 0)
       -2       round3_q2_L
        1       final_q1_Le
       -1       round3_q2_di_L
       -2       round3_q2_R
        1       final_q1_RI
       -1       round3_q2_di_R
        1       zarar_q13_L
        1       sod_q13_L

S(3)
                (.LO, .L, .UP, .M = 0, 0, +INF, 0)
       -2       round3_q3_L
        1       final_q2_Le
       -1       round3_q3_di_L
        1       final_q2_di_Le
       -2       round3_q3_R
        1       final_q2_RI
       -1       round3_q3_di_R
        1       final_q2_di_RI
        1       zarar_q14_L
        1       sod_q14_L

REMAINING ENTRY SKIPPED

---- R  

R(1)
                (.LO, .L, .UP, .M = 0, 0, +INF, 0)
       -2       final_q1_Le
        1       winner_Le
       -1       final_q1_di_Le
        1       winner_di_Le
       -2       final_q1_RI
        1       winner_RI
       -1       final_q1_di_RI
        1       winner_di_RI
        1       zarar_q15_L
        1       sod_q15_L

R(2)
                (.LO, .L, .UP, .M = 0, 0, +INF, 0)
       -2       final_q2_Le
        1       winner_Le
       -1       final_q2_di_Le
       -2       final_q2_RI
        1       winner_RI
       -1       final_q2_di_RI
        1       zarar_q15_L
        1       sod_q15_L


---- U  

U(1)
                (.LO, .L, .UP, .M = 0, 0, +INF, 0)
       -2       winner_Le
       -1       winner_di_Le
       -2       winner_RI
       -1       winner_di_RI


---- sod  

sod(1)
                (.LO, .L, .UP, .M = 0, 0, +INF, 0)
       -8       Objective
        1       game_1
        1       sod_q1_L
        1       max_sod_q1

sod(2)
                (.LO, .L, .UP, .M = 0, 0, +INF, 0)
       -8       Objective
        1       game_2
        1       sod_q2_L
        1       max_sod_q2

sod(3)
                (.LO, .L, .UP, .M = 0, 0, +INF, 0)
       -8       Objective
        1       game_3
        1       sod_q3_L
        1       max_sod_q3

REMAINING 12 ENTRIES SKIPPED

---- zarar  

zarar(1)
                (.LO, .L, .UP, .M = 0, 0, +INF, 0)
       16       Objective
       -1       zarar_q1_L
        1       max_zarar_q1

zarar(2)
                (.LO, .L, .UP, .M = 0, 0, +INF, 0)
       16       Objective
       -1       zarar_q2_L
        1       max_zarar_q2

zarar(3)
                (.LO, .L, .UP, .M = 0, 0, +INF, 0)
       16       Objective
       -1       zarar_q3_L
        1       max_zarar_q3

REMAINING 12 ENTRIES SKIPPED

---- zb  

zb(1)
                (.LO, .L, .UP, .M = 0, 0, 1, 0)
  -2.000000E+9  round2_q1_L
  1.0000000E+9  round2_q1_di_L
  2.0000000E+9  round2_q1_R
  -1.000000E+9  round2_q1_di_R
        1       karshenas_L

zb(2)
                (.LO, .L, .UP, .M = 0, 0, 1, 0)
  -2.000000E+9  round2_q2_L
  1.0000000E+9  round2_q2_di_L
  2.0000000E+9  round2_q2_R
  -1.000000E+9  round2_q2_di_R
        1       karshenas_L

zb(3)
                (.LO, .L, .UP, .M = 0, 0, 1, 0)
  -2.000000E+9  round2_q3_L
  1.0000000E+9  round2_q3_di_L
  2.0000000E+9  round2_q3_R
  -1.000000E+9  round2_q3_di_R
        1       karshenas_L

REMAINING 5 ENTRIES SKIPPED

---- tb  

tb(1)
                (.LO, .L, .UP, .M = 0, 0, 1, 0)
  -2.000000E+9  round3_q1_L
  1.0000000E+9  round3_q1_di_L
  2.0000000E+9  round3_q1_R
  -1.000000E+9  round3_q1_di_R
        1       karshenas_L

tb(2)
                (.LO, .L, .UP, .M = 0, 0, 1, 0)
  -2.000000E+9  round3_q2_L
  1.0000000E+9  round3_q2_di_L
  2.0000000E+9  round3_q2_R
  -1.000000E+9  round3_q2_di_R
        1       karshenas_L

tb(3)
                (.LO, .L, .UP, .M = 0, 0, 1, 0)
  -2.000000E+9  round3_q3_L
  1.0000000E+9  round3_q3_di_L
  2.0000000E+9  round3_q3_R
  -1.000000E+9  round3_q3_di_R
        1       karshenas_L

REMAINING ENTRY SKIPPED

---- wb  

wb(1)
                (.LO, .L, .UP, .M = 0, 0, 1, 0)
  -2.000000E+9  final_q1_Le
  1.0000000E+9  final_q1_di_Le
  2.0000000E+9  final_q1_RI
  -1.000000E+9  final_q1_di_RI
        1       karshenas_L

wb(2)
                (.LO, .L, .UP, .M = 0, 0, 1, 0)
  -2.000000E+9  final_q2_Le
  1.0000000E+9  final_q2_di_Le
  2.0000000E+9  final_q2_RI
  -1.000000E+9  final_q2_di_RI
        1       karshenas_L


---- vb  

vb(1)
                (.LO, .L, .UP, .M = 0, 0, 1, 0)
  -2.000000E+9  winner_Le
  1.0000000E+9  winner_di_Le
  2.0000000E+9  winner_RI
  -1.000000E+9  winner_di_RI
        1       karshenas_L


---- sodb  

sodb(1)
                (.LO, .L, .UP, .M = 0, 0, 1, 0)
  -1.000000E+9  zarar_q1_L
   -10000       max_sod_q1
        1       sodORzarar_q1

sodb(2)
                (.LO, .L, .UP, .M = 0, 0, 1, 0)
  -1.000000E+9  zarar_q2_L
   -10000       max_sod_q2
        1       sodORzarar_q2

sodb(3)
                (.LO, .L, .UP, .M = 0, 0, 1, 0)
  -1.000000E+9  zarar_q3_L
   -10000       max_sod_q3
        1       sodORzarar_q3

REMAINING 12 ENTRIES SKIPPED

---- zararb  

zararb(1)
                (.LO, .L, .UP, .M = 0, 0, 1, 0)
  -1.000000E+9  sod_q1_L
   -10000       max_zarar_q1
        1       sodORzarar_q1

zararb(2)
                (.LO, .L, .UP, .M = 0, 0, 1, 0)
  -1.000000E+9  sod_q2_L
   -10000       max_zarar_q2
        1       sodORzarar_q2

zararb(3)
                (.LO, .L, .UP, .M = 0, 0, 1, 0)
  -1.000000E+9  sod_q3_L
   -10000       max_zarar_q3
        1       sodORzarar_q3

REMAINING 12 ENTRIES SKIPPED
GAMS 24.1.2  r40979 Released Jun 16, 2013 WEX-WEI x86_64/MS Windows                                                                                                                                                                    01/15/24 15:54:59 Page 4
G e n e r a l   A l g e b r a i c   M o d e l i n g   S y s t e m
Model Statistics    SOLVE games Using MIP From line 820


MODEL STATISTICS

BLOCKS OF EQUATIONS         145     SINGLE EQUATIONS          145
BLOCKS OF VARIABLES          14     SINGLE VARIABLES          107
NON ZERO ELEMENTS           506     DISCRETE VARIABLES         45


GENERATION TIME      =        0.016 SECONDS      4 MB  24.1.2 r40979 WEX-WEI


EXECUTION TIME       =        0.016 SECONDS      4 MB  24.1.2 r40979 WEX-WEI
GAMS 24.1.2  r40979 Released Jun 16, 2013 WEX-WEI x86_64/MS Windows                                                                                                                                                                    01/15/24 15:54:59 Page 5
G e n e r a l   A l g e b r a i c   M o d e l i n g   S y s t e m
Solution Report     SOLVE games Using MIP From line 820


               S O L V E      S U M M A R Y

     MODEL   games               OBJECTIVE  Z
     TYPE    MIP                 DIRECTION  MAXIMIZE
     SOLVER  CPLEX               FROM LINE  820

**** SOLVER STATUS     1 Normal Completion         
**** MODEL STATUS      8 Integer Solution          
**** OBJECTIVE VALUE          4580000.0000

 RESOURCE USAGE, LIMIT          0.047      1000.000
 ITERATION COUNT, LIMIT       111    2000000000

IBM ILOG CPLEX   24.1.2 r40979 Released Jun 16, 2013 WEI x86_64/MS Windows    
Cplex 12.5.1.0

MIP status(102): integer optimal, tolerance
Cplex Time: 0.05sec (det. 3.60 ticks)
Fixing integer variables, and solving final LP...
Fixed MIP status(1): optimal
Cplex Time: 0.00sec (det. 0.16 ticks)
Solution satisfies tolerances.

MIP Solution:      4580000.000000    (111 iterations, 0 nodes)
Final Solve:       4580000.000000    (0 iterations)

Best possible:     5000225.563913
Absolute gap:       420225.563913
Relative gap:            0.091752


                           LOWER          LEVEL          UPPER         MARGINAL

---- EQU Objective           .              .              .             1.0000      
---- EQU round2_q1~        -INF             .              .            18.0000      
---- EQU round2_q2~        -INF      -1.999990E+9          .              .          
---- EQU round2_q3~        -INF             .              .            18.0000      
---- EQU round2_q4~        -INF             .              .            18.0000      
---- EQU round2_q5~        -INF             .              .            18.0000      
---- EQU round2_q6~        -INF             .              .            18.0000      
---- EQU round2_q7~        -INF             .              .            18.0000      
---- EQU round2_q8~        -INF             .              .            18.0000      
---- EQU round3_q1~        -INF             .              .            20.0000      
---- EQU round3_q2~        -INF             .              .            20.0000      
---- EQU round3_q3~        -INF             .              .            20.0000      
---- EQU round3_q4~        -INF             .              .            20.0000      
---- EQU final_q1_~        -INF             .              .            16.0000      
---- EQU final_q2_~        -INF             .              .            16.0000      
---- EQU winner_Le         -INF             .              .             EPS         
---- EQU round2_q1~        -INF         5000.0000   1.0000000E+9          .          
---- EQU round2_q2~        -INF      1.0000000E+9   1.0000000E+9          .          
---- EQU round2_q3~        -INF         5000.0000   1.0000000E+9          .          
---- EQU round2_q4~        -INF         5000.0000   1.0000000E+9          .          
---- EQU round2_q5~        -INF         5000.0000   1.0000000E+9          .          
---- EQU round2_q6~        -INF         5000.0000   1.0000000E+9          .          
---- EQU round2_q7~        -INF         5000.0000   1.0000000E+9          .          
---- EQU round2_q8~        -INF         5000.0000   1.0000000E+9          .          
---- EQU round3_q1~        -INF         2500.0000   1.0000000E+9          .          
---- EQU round3_q2~        -INF             .       1.0000000E+9          .          
---- EQU round3_q3~        -INF             .       1.0000000E+9          .          
---- EQU round3_q4~        -INF             .       1.0000000E+9          .          
---- EQU final_q1_~        -INF        -1250.0000   1.0000000E+9          .          
---- EQU final_q2_~        -INF             .       1.0000000E+9          .          
---- EQU winner_di~        -INF         -625.0000   1.0000000E+9          .          
---- EQU round2_q1~          .              .            +INF             .          
---- EQU round2_q2~          .       2.0000100E+9        +INF             .          
---- EQU round2_q3~          .              .            +INF             .          
---- EQU round2_q4~          .              .            +INF             .          
---- EQU round2_q5~          .              .            +INF             .          
---- EQU round2_q6~          .              .            +INF             .          
---- EQU round2_q7~          .              .            +INF             .          
---- EQU round2_q8~          .              .            +INF             .          
---- EQU round3_q1~          .              .            +INF             .          
---- EQU round3_q2~          .              .            +INF             .          
---- EQU round3_q3~          .              .            +INF             .          
---- EQU round3_q4~          .              .            +INF             .          
---- EQU final_q1_~          .              .            +INF             .          
---- EQU final_q2_~          .              .            +INF             .          
---- EQU winner_RI           .              .            +INF             .          
---- EQU round2_q1~   -1.000000E+9      5000.0000        +INF             .          
---- EQU round2_q2~   -1.000000E+9   -1.000000E+9        +INF          -20.0000      
---- EQU round2_q3~   -1.000000E+9      5000.0000        +INF             .          
---- EQU round2_q4~   -1.000000E+9      5000.0000        +INF             .          
---- EQU round2_q5~   -1.000000E+9      5000.0000        +INF             .          
---- EQU round2_q6~   -1.000000E+9      5000.0000        +INF             .          
---- EQU round2_q7~   -1.000000E+9      5000.0000        +INF             .          
---- EQU round2_q8~   -1.000000E+9      5000.0000        +INF             .          
---- EQU round3_q1~   -1.000000E+9      2500.0000        +INF             .          
---- EQU round3_q2~   -1.000000E+9          .            +INF             .          
---- EQU round3_q3~   -1.000000E+9          .            +INF             .          
---- EQU round3_q4~   -1.000000E+9          .            +INF             .          
---- EQU final_q1_~   -1.000000E+9     -1250.0000        +INF             .          
---- EQU final_q2_~   -1.000000E+9          .            +INF             .          
---- EQU winner_di~   -1.000000E+9      -625.0000        +INF             .          
---- EQU karshenas~        -INF            1.0000         3.0000          .          
---- EQU game_1            -INF        10000.0000     10000.0000        22.0000      
---- EQU game_2            -INF        10000.0000     10000.0000        40.0000      
---- EQU game_3            -INF        10000.0000     10000.0000        32.0000      
---- EQU game_4            -INF        10000.0000     10000.0000          .          
---- EQU game_5            -INF        10000.0000     10000.0000        42.0000      
---- EQU game_6            -INF        10000.0000     10000.0000        62.0000      
---- EQU game_7            -INF        10000.0000     10000.0000        52.0000      
---- EQU game_8            -INF        10000.0000     10000.0000        42.0000      
---- EQU zarar_q1_L        -INF      -0.999990E+9     10000.0000          .          
---- EQU zarar_q2_L        -INF      -0.999990E+9     10000.0000          .          
---- EQU zarar_q3_L        -INF      -0.999990E+9     10000.0000          .          
---- EQU zarar_q4_L        -INF      -0.999990E+9     10000.0000          .          
---- EQU zarar_q5_L        -INF      -0.999990E+9     10000.0000          .          
---- EQU zarar_q6_L        -INF      -0.999990E+9     10000.0000          .          
---- EQU zarar_q7_L        -INF      -0.999990E+9     10000.0000          .          
---- EQU zarar_q8_L        -INF      -0.999990E+9     10000.0000          .          
---- EQU zarar_q9_L        -INF      -0.999995E+9     10000.0000          .          
---- EQU zarar_q10~        -INF      -0.999990E+9     10000.0000          .          
---- EQU zarar_q11~        -INF      -0.999990E+9     10000.0000          .          
---- EQU zarar_q12~        -INF      -0.999990E+9     10000.0000          .          
---- EQU zarar_q13~        -INF      -0.999992E+9     10000.0000          .          
---- EQU zarar_q14~        -INF      -0.999990E+9     10000.0000          .          
---- EQU zarar_q15~        -INF      -0.999991E+9     10000.0000          .          
---- EQU sod_q1_L          -INF        10000.0000     10000.0000          .          
---- EQU sod_q2_L          -INF        10000.0000     10000.0000          .          
---- EQU sod_q3_L          -INF        10000.0000     10000.0000          .          
---- EQU sod_q4_L          -INF        10000.0000     10000.0000        22.0000      
---- EQU sod_q5_L          -INF        10000.0000     10000.0000          .          
---- EQU sod_q6_L          -INF        10000.0000     10000.0000          .          
---- EQU sod_q7_L          -INF        10000.0000     10000.0000          .          
---- EQU sod_q8_L          -INF        10000.0000     10000.0000          .          
---- EQU sod_q9_L          -INF        10000.0000     10000.0000        16.0000      
---- EQU sod_q10_L         -INF        10000.0000     10000.0000        16.0000      
---- EQU sod_q11_L         -INF        10000.0000     10000.0000        16.0000      
---- EQU sod_q12_L         -INF        10000.0000     10000.0000        16.0000      
---- EQU sod_q13_L         -INF        10000.0000     10000.0000        24.0000      
---- EQU sod_q14_L         -INF        10000.0000     10000.0000        24.0000      
---- EQU sod_q15_L         -INF        10000.0000     10000.0000        32.0000      
---- EQU max_sod_q1        -INF       -10000.0000          .              .          
---- EQU max_sod_q2        -INF       -10000.0000          .              .          
---- EQU max_sod_q3        -INF       -10000.0000          .              .          
---- EQU max_sod_q4        -INF       -10000.0000          .              .          
---- EQU max_sod_q5        -INF       -10000.0000          .              .          
---- EQU max_sod_q6        -INF       -10000.0000          .              .          
---- EQU max_sod_q7        -INF       -10000.0000          .              .          
---- EQU max_sod_q8        -INF       -10000.0000          .              .          
---- EQU max_sod_q9        -INF        -5000.0000          .              .          
---- EQU max_sod_q~        -INF       -10000.0000          .              .          
---- EQU max_sod_q~        -INF       -10000.0000          .              .          
---- EQU max_sod_q~        -INF       -10000.0000          .              .          
---- EQU max_sod_q~        -INF        -7500.0000          .              .          
---- EQU max_sod_q~        -INF       -10000.0000          .              .          
---- EQU max_sod_q~        -INF        -8750.0000          .              .          
---- EQU max_zarar~        -INF             .              .              .          
---- EQU max_zarar~        -INF             .              .              .          
---- EQU max_zarar~        -INF             .              .              .          
---- EQU max_zarar~        -INF             .              .              .          
---- EQU max_zarar~        -INF             .              .              .          
---- EQU max_zarar~        -INF             .              .              .          
---- EQU max_zarar~        -INF             .              .              .          
---- EQU max_zarar~        -INF             .              .              .          
---- EQU max_zarar~        -INF             .              .              .          
---- EQU max_zarar~        -INF             .              .              .          
---- EQU max_zarar~        -INF             .              .              .          
---- EQU max_zarar~        -INF             .              .              .          
---- EQU max_zarar~        -INF             .              .              .          
---- EQU max_zarar~        -INF             .              .              .          
---- EQU max_zarar~        -INF             .              .              .          
---- EQU sodORzara~         1.0000         1.0000         1.0000          .          
---- EQU sodORzara~         1.0000         1.0000         1.0000          .          
---- EQU sodORzara~         1.0000         1.0000         1.0000          .          
---- EQU sodORzara~         1.0000         1.0000         1.0000          .          
---- EQU sodORzara~         1.0000         1.0000         1.0000          .          
---- EQU sodORzara~         1.0000         1.0000         1.0000          .          
---- EQU sodORzara~         1.0000         1.0000         1.0000          .          
---- EQU sodORzara~         1.0000         1.0000         1.0000          .          
---- EQU sodORzara~         1.0000         1.0000         1.0000          .          
---- EQU sodORzara~         1.0000         1.0000         1.0000          .          
---- EQU sodORzara~         1.0000         1.0000         1.0000          .          
---- EQU sodORzara~         1.0000         1.0000         1.0000          .          
---- EQU sodORzara~         1.0000         1.0000         1.0000          .          
---- EQU sodORzara~         1.0000         1.0000         1.0000          .          
---- EQU sodORzara~         1.0000         1.0000         1.0000          .          

  Objective  Objective function of problem

                           LOWER          LEVEL          UPPER         MARGINAL

---- VAR Z                 -INF      4580000.0000        +INF             .          

  Z  tabe-hadaf

---- VAR X  

          LOWER          LEVEL          UPPER         MARGINAL

1           .         10000.0000        +INF             .          
2           .              .            +INF          -20.0000      
3           .              .            +INF             .          
4           .         10000.0000        +INF             .          
5           .         10000.0000        +INF             .          
6           .              .            +INF          -20.0000      
7           .         10000.0000        +INF             .          
8           .              .            +INF          -10.0000      
9           .         10000.0000        +INF             .          
10          .              .            +INF          -10.0000      
11          .         10000.0000        +INF             .          
12          .              .            +INF          -60.0000      
13          .         10000.0000        +INF             .          
14          .              .            +INF          -50.0000      
15          .         10000.0000        +INF             .          
16          .              .            +INF          -40.0000      

---- VAR Y  

         LOWER          LEVEL          UPPER         MARGINAL

1          .          5000.0000        +INF             .          
2          .              .            +INF          -56.0000      
3          .          5000.0000        +INF             .          
4          .          5000.0000        +INF             .          
5          .          5000.0000        +INF             .          
6          .          5000.0000        +INF             .          
7          .          5000.0000        +INF             .          
8          .          5000.0000        +INF             .          

---- VAR S  

         LOWER          LEVEL          UPPER         MARGINAL

1          .          2500.0000        +INF             .          
2          .          5000.0000        +INF             .          
3          .          5000.0000        +INF             .          
4          .          5000.0000        +INF             .          

---- VAR R  

         LOWER          LEVEL          UPPER         MARGINAL

1          .          3750.0000        +INF             .          
2          .          5000.0000        +INF             .          

---- VAR U  

         LOWER          LEVEL          UPPER         MARGINAL

1          .          4375.0000        +INF             .          

---- VAR sod  

          LOWER          LEVEL          UPPER         MARGINAL

1           .              .            +INF          -14.0000      
2           .              .            +INF          -32.0000      
3           .              .            +INF          -24.0000      
4           .              .            +INF          -14.0000      
5           .              .            +INF          -34.0000      
6           .              .            +INF          -54.0000      
7           .              .            +INF          -44.0000      
8           .              .            +INF          -34.0000      
9           .          5000.0000        +INF             .          
10          .              .            +INF             .          
11          .              .            +INF             .          
12          .              .            +INF             .          
13          .          2500.0000        +INF             .          
14          .              .            +INF             .          
15          .          1250.0000        +INF             .          

---- VAR zarar  

          LOWER          LEVEL          UPPER         MARGINAL

1           .              .            +INF          -16.0000      
2           .              .            +INF          -16.0000      
3           .              .            +INF          -16.0000      
4           .              .            +INF          -16.0000      
5           .              .            +INF          -16.0000      
6           .              .            +INF          -16.0000      
7           .              .            +INF          -16.0000      
8           .              .            +INF          -16.0000      
9           .              .            +INF          -32.0000      
10          .              .            +INF          -32.0000      
11          .              .            +INF          -32.0000      
12          .              .            +INF          -32.0000      
13          .              .            +INF          -48.0000      
14          .              .            +INF          -48.0000      
15          .              .            +INF          -64.0000      

---- VAR zb  

         LOWER          LEVEL          UPPER         MARGINAL

1          .              .             1.0000   3.600000E+10      
2          .             1.0000         1.0000   -2.00000E+10      
3          .              .             1.0000   3.600000E+10      
4          .              .             1.0000   3.600000E+10      
5          .              .             1.0000   3.600000E+10      
6          .              .             1.0000   3.600000E+10      
7          .              .             1.0000   3.600000E+10      
8          .              .             1.0000   3.600000E+10      

---- VAR tb  

         LOWER          LEVEL          UPPER         MARGINAL

1          .              .             1.0000   4.000000E+10      
2          .              .             1.0000   4.000000E+10      
3          .              .             1.0000   4.000000E+10      
4          .              .             1.0000   4.000000E+10      

---- VAR wb  

         LOWER          LEVEL          UPPER         MARGINAL

1          .              .             1.0000   3.200000E+10      
2          .              .             1.0000   3.200000E+10      

---- VAR vb  

         LOWER          LEVEL          UPPER         MARGINAL

1          .              .             1.0000         EPS         

---- VAR sodb  

          LOWER          LEVEL          UPPER         MARGINAL

1           .             1.0000         1.0000         EPS         
2           .             1.0000         1.0000         EPS         
3           .             1.0000         1.0000         EPS         
4           .             1.0000         1.0000         EPS         
5           .             1.0000         1.0000         EPS         
6           .             1.0000         1.0000         EPS         
7           .             1.0000         1.0000         EPS         
8           .             1.0000         1.0000         EPS         
9           .             1.0000         1.0000         EPS         
10          .             1.0000         1.0000         EPS         
11          .             1.0000         1.0000         EPS         
12          .             1.0000         1.0000         EPS         
13          .             1.0000         1.0000         EPS         
14          .             1.0000         1.0000         EPS         
15          .             1.0000         1.0000         EPS         

---- VAR zararb  

          LOWER          LEVEL          UPPER         MARGINAL

1           .              .             1.0000         EPS         
2           .              .             1.0000         EPS         
3           .              .             1.0000         EPS         
4           .              .             1.0000   2.200000E+10      
5           .              .             1.0000         EPS         
6           .              .             1.0000         EPS         
7           .              .             1.0000         EPS         
8           .              .             1.0000         EPS         
9           .              .             1.0000   1.600000E+10      
10          .              .             1.0000   1.600000E+10      
11          .              .             1.0000   1.600000E+10      
12          .              .             1.0000   1.600000E+10      
13          .              .             1.0000   2.400000E+10      
14          .              .             1.0000   2.400000E+10      
15          .              .             1.0000   3.200000E+10      


**** REPORT SUMMARY :        0     NONOPT
                             0 INFEASIBLE
                             0  UNBOUNDED
GAMS 24.1.2  r40979 Released Jun 16, 2013 WEX-WEI x86_64/MS Windows                                                                                                                                                                    01/15/24 15:54:59 Page 6
G e n e r a l   A l g e b r a i c   M o d e l i n g   S y s t e m
E x e c u t i o n


----    823 VARIABLE X.L  

1  10000.000,    4  10000.000,    5  10000.000,    7  10000.000,    9  10000.000,    11 10000.000,    13 10000.000,    15 10000.000



EXECUTION TIME       =        0.000 SECONDS      3 MB  24.1.2 r40979 WEX-WEI


USER: Gary Goldstein                                 G010614:2121CA-WIN
      Decision Ware, Inc.                                        DC2807


**** FILE SUMMARY

Input      c:\Users\Mahdi\Desktop\gams-project\final\h\gams\change-1.gms
Output     c:\Users\Mahdi\Desktop\gams-project\final\h\gams\change-1.lst
